// Jest Snapshot v1, https://goo.gl/fbAQLP

exports[`ImageModal snapshot tests should render correctly when modal is visible with image 1`] = `
<Modal
  animationType="fade"
  hardwareAccelerated={false}
  onRequestClose={[MockFunction]}
  statusBarTranslucent={false}
  transparent={true}
  visible={true}
>
  <View
    style={
      {
        "alignItems": "center",
        "backgroundColor": "rgba(0, 0, 0, 0.8)",
        "flex": 1,
        "justifyContent": "center",
      }
    }
  >
    <View
      accessibilityState={
        {
          "busy": undefined,
          "checked": undefined,
          "disabled": undefined,
          "expanded": undefined,
          "selected": undefined,
        }
      }
      accessibilityValue={
        {
          "max": undefined,
          "min": undefined,
          "now": undefined,
          "text": undefined,
        }
      }
      accessible={true}
      collapsable={false}
      focusable={true}
      onBlur={[Function]}
      onClick={[Function]}
      onFocus={[Function]}
      onResponderGrant={[Function]}
      onResponderMove={[Function]}
      onResponderRelease={[Function]}
      onResponderTerminate={[Function]}
      onResponderTerminationRequest={[Function]}
      onStartShouldSetResponder={[Function]}
      style={
        {
          "alignItems": "center",
          "height": 40,
          "justifyContent": "center",
          "position": "absolute",
          "right": 12,
          "top": 120,
          "width": 40,
          "zIndex": 1,
        }
      }
      testID="close-button"
    >
      <Text
        testID="close-button-text"
      >
        Close (
        #FFFFFF
        , 
        24
        )
      </Text>
    </View>
    <View
      style={
        {
          "borderRadius": 24,
          "height": "100%",
          "width": "100%",
        }
      }
      testID="modal-image"
    >
      <Text
        testID="image-uri"
      >
        https://example.com/test-image.jpg
      </Text>
      <Text
        testID="image-content-fit"
      >
        contain
      </Text>
    </View>
  </View>
</Modal>
`;
